
T1899.hs:12:13: error:
    • Couldn't match type ‘a’ with ‘Proposition a0’
      ‘a’ is a rigid type variable bound by
        the type signature for:
          transRHS :: forall a. [a] -> Int -> Constraint a
        at T1899.hs:9:2-39
      Expected type: Constraint a
        Actual type: Constraint (Proposition a0)
    • In the expression: Formula [[Prop (Auxiliary undefined)]]
      In the expression:
        if b < 0 then
            Formula [[Prop (Auxiliary undefined)]]
        else
            Formula $ [[Prop (Auxiliary varSet), Prop (Auxiliary varSet)]]
      In an equation for ‘transRHS’:
          transRHS varSet b
            = if b < 0 then
                  Formula [[Prop (Auxiliary undefined)]]
              else
                  Formula $ [[Prop (Auxiliary varSet), ....]]
    • Relevant bindings include
        varSet :: [a] (bound at T1899.hs:10:11)
        transRHS :: [a] -> Int -> Constraint a (bound at T1899.hs:10:2)
