
T5853.hs:15:46: error:
    • Could not deduce: Subst (Subst (Subst fb a1) a) (Elem fb) ~ fb
        arising from a use of ‘<$>’
      from the context: (F (Subst fb a1),
                         Elem (Subst fb a1) ~ a1,
                         Elem fb ~ Elem fb,
                         Subst (Subst fb a1) (Elem fb) ~ fb,
                         Subst fb a1 ~ Subst fb a1,
                         F (Subst (Subst fb a1) a),
                         Elem (Subst (Subst fb a1) a) ~ a,
                         Elem (Subst fb a1) ~ a1,
                         Subst (Subst (Subst fb a1) a) a1 ~ Subst fb a1,
                         Subst (Subst fb a1) a ~ Subst (Subst fb a1) a)
        bound by the RULE "map/map" at T5853.hs:15:2-57
      ‘fb’ is a rigid type variable bound by
        the RULE "map/map" at T5853.hs:15:2-57
    • In the expression: (f . g) <$> xs
      When checking the transformation rule "map/map"
    • Relevant bindings include
        f :: a1 -> Elem fb (bound at T5853.hs:15:19)
        g :: a -> a1 (bound at T5853.hs:15:21)
        xs :: Subst (Subst fb a1) a (bound at T5853.hs:15:23)
